{"General Info": {"Distributor": "Well Go USA Entertainment", "Opening": "$135,252", "Budget": ":", "Release Date": ["May 5, 2017", "Running Time", "1 hr 46 min"], "MPAA": ":", "Genres": ["Comedy", "Drama", "Romance"], "In Release": "241 days/34 weeks", "Widest Release": "36 theaters"}, "Weekly Income": [{"range": "May 5-11", "rank": "29", "weekly": "$195,334", "lw": "-", "theaters": "36", "change": "-", "avg": "$5,425", "todate": "$195,334", "week": "1"}, {"range": "May 12-18", "rank": "44", "weekly": "$84,955", "lw": "-56.5%", "theaters": "28", "change": "-8", "avg": "$3,034", "todate": "$280,289", "week": "2"}, {"range": "May 19-25", "rank": "50", "weekly": "$38,748", "lw": "-54.4%", "theaters": "12", "change": "-16", "avg": "$3,229", "todate": "$319,037", "week": "3"}, {"range": "May 26-Jun 1", "rank": "71", "weekly": "$10,291", "lw": "-73.4%", "theaters": "3", "change": "-9", "avg": "$3,430", "todate": "$329,328", "week": "4"}, {"range": "Jun 2-8", "rank": "94", "weekly": "$4,244", "lw": "-58.8%", "theaters": "2", "change": "-1", "avg": "$2,122", "todate": "$333,572", "week": "5"}, {"range": "Jun 9-15", "rank": "92", "weekly": "$1,953", "lw": "-54%", "theaters": "1", "change": "-1", "avg": "$1,953", "todate": "$335,525", "week": "6"}, {"range": "Jul 7-13", "rank": "90", "weekly": "$2,145", "lw": "-", "theaters": "1", "change": "-", "avg": "$2,145", "todate": "$337,670", "week": "10"}]}